
> spoon-restaurant@0.1.0 build
> next build

  Γû▓ Next.js 14.2.17
  - Environments: .env.local, .env
  - Experiments (use with caution):
    ┬╖ scrollRestoration

   Creating an optimized production build ...
Failed to compile.

./src/app/dashboard/configuracion/horario-comercial-simple/page.tsx
Module not found: Can't resolve './HorarioComercialSimple'

https://nextjs.org/docs/messages/module-not-found


> Build failed because of webpack errors
